{
  "type": "channel_joined",
  "channel": "C024BE91L"
}