{
  "type": "channel_marked",
  "channel": "C024BE91L",
  "ts": "1401383885.000061"
}