{
  "type": "commands_changed",
  "event_ts" : "1361482916.000004"
}