{
  "type": "file_deleted",
  "file_id": "F2147483862",
  "event_ts": "1361482916.000004"
}