{
  "type": "group_joined",
  "channel": "G0QN9RGTT"
}
