{
  "type": "im_marked",
  "channel": "D024BE91L",
  "ts": "1401383885.000061"
}