{
  "type": "message",
  "subtype": "channel_topic",
  "ts": "1358877455.000010",
  "user": "U2147483828",
  "topic": "hello world",
  "text": "<@U2147483828|cal> set the channel topic: hello world"
}