{
  "type": "message",
  "subtype": "group_leave",
  "ts": "1358877455.000010",
  "user": "U2147483828",
  "text": "<@U2147483828|cal> has left the group"
}