{
  "type": "message",
  "channel": "C024BE91L",
  "user": "U2147483697",
  "text": "Live long and prospect.",
  "ts": "1355517523.000005",
  "event_ts": "1355517523.000005",
  "channel_type": "channel"
}