{
  "type": "message",
  "channel": "D024BE91L",
  "user": "U2147483697",
  "text": "Hello hello can you hear me?",
  "ts": "1355517523.000005",
  "event_ts": "1355517523.000005",
  "channel_type": "im"
}