{
  "type": "message",
  "subtype": "channel_archive",
  "ts": "1361482916.000003",
  "text": "<U1234|@cal> archived the channel",
  "user": "U1234"
}