{
  "type": "message",
  "user": "U061F7AUR",
  "text": "How many cats did we herd yesterday?",
  "ts": "1525215129.000001",
  "channel": "D0PNCRP9N",
  "event_ts": "1525215129.000001",
  "channel_type": "app_home"
}