{
  "type": "message",
  "subtype": "pinned_item",
  "user": "U024BE7LH",
  "item_type": "F",
  "text": "<@U024BE7LH|cal> pinned their Image <https:...7.png|7.png> to this channel.",
  "item": {},
  "channel": "C02ELGNBH",
  "ts": "1360782804.083113"
}