{
  "type": "message",
  "subtype": "group_archive",
  "ts": "1361482916.000003",
  "text": "<U1234|@cal> archived the group",
  "user": "U1234",
  "members": ["U1234", "U5678"]
}