{
  "type": "message",
  "subtype": "file_mention",
  "ts": "1358877455.000010",
  "text": "<@cal> mentioned a file: <https:...7.png|7.png>",
  "file": {},
  "user": "U2147483697"
}