{
  "type": "message",
  "subtype": "group_name",
  "ts": "1358877455.000010",
  "user": "U2147483828",
  "old_name": "random",
  "name": "watercooler",
  "text": "<@U2147483828|cal> has renamed the group from \"random\" to \"watercooler\""
}