{
  "type": "message",
  "channel": "G024BE91L",
  "user": "U2147483697",
  "text": "Let's make a pact.",
  "ts": "1355517523.000005",
  "event_ts": "1355517523.000005",
  "channel_type": "mpim"
}