{
  "type": "message",
  "channel": "G024BE91L",
  "user": "U2147483697",
  "text": "One cannot programmatically detect the difference between `message.mpim` and `message.groups`.",
  "ts": "1355517523.000005",
  "event_ts": "1355517523.000005",
  "channel_type": "group"
}