{
  "type": "presence_sub",
  "ids": [
    "U061F7AUR",
    "W123456"
  ]
}