{
  "type": "presence_query",
  "ids": [
    "U061F7AUR",
    "W123456"
  ]
}