{
  "type": "team_profile_change",
  "profile": {
    "fields": [
      {
        "id": "Xf06054AAA"
      }
    ]
  }
}