{
  "type": "team_profile_delete",
  "profile": {
    "fields": [
      "Xf06054AAA"
    ]
  }
}