{
  "type": "user_typing",
  "channel": "C02ELGNBH",
  "user": "U024BE7LH"
}