{
  "type": "user_resource_removed",
  "user": "WXXXXXXXX",
  "trigger_id": "27082968880.6048553856.5eb9c671f75c636135fdb6bb9e87b606"
}