{
  "type": "context",
  "elements": [
    {
      "type": "image",
      "image_url": "https://image.freepik.com/free-photo/red-drawing-pin_1156-445.jpg",
      "alt_text": "images"
    },
    {
      "type": "mrkdwn",
      "text": "Location: **Dogpatch**"
    }
  ]
}