{
  "type": "section",
  "text": {
    "type": "mrkdwn",
    "text": "A message *with some bold text* and _some italicized text_."
  },
  "block_id": "text1"
}
